// Jest Snapshot v1, https://goo.gl/fbAQLP

exports[`Counter.vue renders props.msg when passed 1`] = `
"0
  count++"
`;
